[richwaycleaning.online/index.html]
[backblue.gif]
[fade.gif]
[index.html]
[richwaycleaning.online/LG.jpg]
[richwaycleaning.online/css/bootstrap.min.css]
[richwaycleaning.online/css/main.css]
[richwaycleaning.online/css/animations.css]
[richwaycleaning.online/css/fonts.css]
[richwaycleaning.online/js/vendor/modernizr-2.6.2.min.js]
[richwaycleaning.online/index-2.html]
[richwaycleaning.online/about.html]
[richwaycleaning.online/ourvalue.html]
[richwaycleaning.online/ourvision.html]
[richwaycleaning.online/ourmission.html]
[richwaycleaning.online/services.html]
[richwaycleaning.online/faq.html]
[richwaycleaning.online/news.html]
[richwaycleaning.online/gallery.html]
[richwaycleaning.online/contacts.html]
[richwaycleaning.online/js/jquery-1.11.3.min.js]
[richwaycleaning.online/js/jssor.slider.mini.js]
[richwaycleaning.online/img/b05.html]
[richwaycleaning.online/img/a22.html]
[richwaycleaning.online/img/loading.html]
[richwaycleaning.online/img/2.jpg]
[richwaycleaning.online/img/1.jpg]
[richwaycleaning.online/img/a.png]
[richwaycleaning.online/img/t.png]
[richwaycleaning.online/img/s.png]
[richwaycleaning.online/img/g.png]
[richwaycleaning.online/img/d.png]
[richwaycleaning.online/img/4.jpg]
[richwaycleaning.online/img/5.jpg]
[richwaycleaning.online/img/v.png]
[richwaycleaning.online/Clients-served.html]
[richwaycleaning.online/images/teaser-clockopy-cs.png]
[richwaycleaning.online/images/gallery/07.jpg]
[richwaycleaning.online/IMG-20240127-WA0026.jpg]
[richwaycleaning.online/js/compressed.js]
[richwaycleaning.online/js/main.js]
[richwaycleaning.online/index.html]
[richwaycleaning.online/fonts/glyphicons-halflings-regular.eot]
[richwaycleaning.online/fonts/glyphicons-halflings-regulard41dd41d.eot]
[richwaycleaning.online/fonts/glyphicons-halflings-regular.woff2]
[richwaycleaning.online/fonts/glyphicons-halflings-regular.woff]
[richwaycleaning.online/fonts/glyphicons-halflings-regular.ttf]
[richwaycleaning.online/fonts/glyphicons-halflings-regular.svg]
[richwaycleaning.online/css/bootstrap.min.css]
[richwaycleaning.online/img/youtube-btn.html]
[richwaycleaning.online/img/youtube-btn-hover.html]
[richwaycleaning.online/images/aside_bg.html]
[richwaycleaning.online/images/background_section.html]
[richwaycleaning.online/img/preloader.html]
[richwaycleaning.online/img/pattern1.png]
[richwaycleaning.online/img/pattern2.png]
[richwaycleaning.online/img/pattern3.png]
[richwaycleaning.online/img/pattern4.png]
[richwaycleaning.online/img/pattern5.png]
[richwaycleaning.online/img/pattern6.png]
[richwaycleaning.online/img/pattern7.png]
[richwaycleaning.online/img/pattern8.png]
[richwaycleaning.online/img/pattern9.png]
[richwaycleaning.online/img/pattern10.png]
[richwaycleaning.online/img/pattern11.png]
[richwaycleaning.online/images/teaser-phone-ds.png]
[richwaycleaning.online/images/teaser-clockopy-ds.png]
[richwaycleaning.online/images/teaser-pointer-ds.png]
[richwaycleaning.online/images/teaser-phone-blue.png]
[richwaycleaning.online/images/teaser-clockopy-blue.png]
[richwaycleaning.online/images/teaser-pointer-blue.png]
[richwaycleaning.online/images/teaser-phone-cs.png]
[richwaycleaning.online/images/teaser-pointer-cs.png]
[richwaycleaning.online/images/teaser-users-ds.png]
[richwaycleaning.online/images/teaser-like-ds.png]
[richwaycleaning.online/images/teaser-timer-ds.png]
[richwaycleaning.online/images/teaser-users-ls-color1.png]
[richwaycleaning.online/images/teaser-like-ls-color1.png]
[richwaycleaning.online/images/teaser-timer-ls-color1.png]
[richwaycleaning.online/images/problems-logo.png]
[richwaycleaning.online/images/status-post-bg.html]
[richwaycleaning.online/images/quote-post-bg.html]
[richwaycleaning.online/img/icons_spritesheet.png]
[richwaycleaning.online/images/contacts-bg.jpg]
[richwaycleaning.online/img/prettyPhoto/facebook/sprite.png]
[richwaycleaning.online/img/prettyPhoto/facebook/loader.gif]
[richwaycleaning.online/img/prettyPhoto/facebook/btnNext.png]
[richwaycleaning.online/img/prettyPhoto/facebook/btnPrevious.png]
[richwaycleaning.online/img/prettyPhoto/facebook/default_thumbnail.gif]
[richwaycleaning.online/img/prettyPhoto/light_rounded/btnNext.png]
[richwaycleaning.online/css/main.css]
[richwaycleaning.online/css/animations.css]
[richwaycleaning.online/fonts/rt-icons-23dab3dab.eot]
[richwaycleaning.online/fonts/rt-icons-2d41dd41d.eot]
[richwaycleaning.online/fonts/rt-icons-23dab3dab.ttf]
[richwaycleaning.online/fonts/rt-icons-23dab3dab.woff]
[richwaycleaning.online/fonts/rt-icons-23dab3dab.svg]
[richwaycleaning.online/fonts/socicon.eot]
[richwaycleaning.online/fonts/socicond41dd41d.eot]
[richwaycleaning.online/fonts/socicon.woff]
[richwaycleaning.online/fonts/socicon.woff2]
[richwaycleaning.online/fonts/socicon.ttf]
[richwaycleaning.online/fonts/socicon.svg]
[richwaycleaning.online/fonts/fontello63256325.eot]
[richwaycleaning.online/fonts/fontello63256325.woff]
[richwaycleaning.online/fonts/fontello63256325.ttf]
[richwaycleaning.online/fonts/fontello63256325.svg]
[richwaycleaning.online/fonts/fontawesome-webfont78ce78ce.eot]
[richwaycleaning.online/fonts/fontawesome-webfontd41dd41d.eot]
[richwaycleaning.online/fonts/fontawesome-webfont78ce78ce.woff]
[richwaycleaning.online/fonts/fontawesome-webfont78ce78ce.ttf]
[richwaycleaning.online/css/fonts.css]
[richwaycleaning.online/js/vendor/modernizr-2.6.2.min.js]
[richwaycleaning.online/index-2.html]
[richwaycleaning.online/about.html]
[richwaycleaning.online/fonts/fontawesome-webfont78ce78ce.svg]
[richwaycleaning.online/images/gallery/jk.png]
[richwaycleaning.online/blog-single-right.html]
[richwaycleaning.online/images/recent_post1.jpg]
[richwaycleaning.online/images/recent_post2.jpg]
[richwaycleaning.online/images/recent_post3.jpg]
[richwaycleaning.online/ourvalue.html]
[richwaycleaning.online/images/gallery/mn.png]
[richwaycleaning.online/ourvision.html]
[richwaycleaning.online/images/gallery/gn.png]
[richwaycleaning.online/ourmission.html]
[richwaycleaning.online/images/slide01_1.70.delayed]
[richwaycleaning.online/images/blue.png]
[richwaycleaning.online/images/a1.jpg]
[richwaycleaning.online/images/a3.jpg]
[richwaycleaning.online/images/a16.jpg]
[richwaycleaning.online/images/a2.jpg]
[richwaycleaning.online/images/a6.jpg]
[richwaycleaning.online/images/a8.jpg]
[richwaycleaning.online/images/a9.jpg]
[richwaycleaning.online/images/a15.jpg]
[richwaycleaning.online/images/a12.jpg]
[richwaycleaning.online/images/a10.jpg]
[richwaycleaning.online/services.html]
[richwaycleaning.online/faq.html]
[richwaycleaning.online/index-3.html]
[richwaycleaning.online/asp.jpg]
[richwaycleaning.online/asa.jpg]
[richwaycleaning.online/blog1.html]
[richwaycleaning.online/blog3.html]
[richwaycleaning.online/images/gallery/blog_slider_3.jpg]
[richwaycleaning.online/blog2.html]
[richwaycleaning.online/images/gallery/blog_slider_2.jpg]
[richwaycleaning.online/news.html]
[richwaycleaning.online/gallery.html]
[richwaycleaning.online/contacts.html]
[richwaycleaning.online/js/jquery-1.11.3.min.js]
[richwaycleaning.online/js/jssor.slider.mini.js]
[richwaycleaning.online/img/b05.html]
[richwaycleaning.online/img/a22.html]
[richwaycleaning.online/img/loading.html]
[richwaycleaning.online/Clients-served.html]
[richwaycleaning.online/img/f.png]
[richwaycleaning.online/Popover requires tooltip.84.delayed]
[richwaycleaning.online/js/compressed.js]
[richwaycleaning.online/youtu.be/index.html]
[richwaycleaning.online/contact-form.php]
[richwaycleaning.online/search.php]
[richwaycleaning.online/js/main.js]
[richwaycleaning.online/fonts/glyphicons-halflings-regular.svg]
[richwaycleaning.online/img/youtube-btn.html]
[richwaycleaning.online/img/youtube-btn-hover.html]
[richwaycleaning.online/images/aside_bg.html]
[richwaycleaning.online/images/background_section.html]
[richwaycleaning.online/img/preloader.html]
[richwaycleaning.online/images/status-post-bg.html]
[richwaycleaning.online/images/quote-post-bg.html]
[richwaycleaning.online/fonts/rt-icons-23dab3dab.svg]
[richwaycleaning.online/fonts/socicon.svg]
[richwaycleaning.online/fonts/fontello63256325.svg]
[richwaycleaning.online/fonts/fontawesome-webfont78ce78ce.svg]
[richwaycleaning.online/blog-single-right.html]
[richwaycleaning.online/images/slide01_1.html]
[richwaycleaning.online/index-3.html]
[richwaycleaning.online/aaaa.jpg]
[richwaycleaning.online/cleaning-equipment.jpg]
[richwaycleaning.online/blog1.html]
[richwaycleaning.online/blog3.html]
[richwaycleaning.online/img/banner.jpg]
[richwaycleaning.online/images/logo.png]
[richwaycleaning.online/blog2.html]
[richwaycleaning.online/Popover requires tooltip.html]
[richwaycleaning.online/youtu.be/index.html]
[richwaycleaning.online/contact-form.html]
[richwaycleaning.online/search.html]
[richwaycleaning.online/images/logo.html]
